// Jest Snapshot v1, https://goo.gl/fbAQLP

exports[`App should render properly 1`] = `
<React.Fragment>
  <Header
    title="Blogging MERN"
  />
  <main>
    <Connect(ArticlesContainer) />
  </main>
  <Footer />
</React.Fragment>
`;
